src/controllers/applicant.controller.ts(53,35): error TS18046: 'application._id' is of type 'unknown'.
src/models/screening.model.ts(58,5): error TS2353: Object literal may only specify known properties, and 'yearsOfExperience' does not exist in type '{ id?: SchemaDefinitionProperty<any, IScreeningResult, Document<unknown, {}, FlatRecord<IScreeningResult>, {}> & FlatRecord<IScreeningResult> & Required<...> & { ...; }> | undefined; ... 24 more ...; isShortlisted?: SchemaDefinitionProperty<...> | undefined; }'.
