src/controllers/job.controller.ts(74,42): error TS2345: Argument of type 'string | string[]' is not assignable to parameter of type 'string | number | ObjectId | Uint8Array<ArrayBufferLike> | ObjectIdLike'.
  Type 'string[]' is not assignable to type 'string | number | ObjectId | Uint8Array<ArrayBufferLike> | ObjectIdLike'.
    Type 'string[]' is missing the following properties from type 'Uint8Array<ArrayBufferLike>': BYTES_PER_ELEMENT, buffer, byteLength, byteOffset, and 3 more.
src/controllers/job.controller.ts(150,30): error TS2345: Argument of type 'unknown' is not assignable to parameter of type '(Document<unknown, any, any, Record<string, any>> & string) | (Document<unknown, any, any, Record<string, any>> & ObjectId) | (Document<unknown, any, any, Record<...>> & ObjectIdLike)'.
src/controllers/job.controller.ts(207,30): error TS2345: Argument of type 'unknown' is not assignable to parameter of type '(Document<unknown, any, any, Record<string, any>> & string) | (Document<unknown, any, any, Record<string, any>> & ObjectId) | (Document<unknown, any, any, Record<...>> & ObjectIdLike)'.
src/controllers/job.controller.ts(285,41): error TS18046: 'job._id' is of type 'unknown'.
src/controllers/job.controller.ts(318,30): error TS2345: Argument of type 'unknown' is not assignable to parameter of type '(Document<unknown, any, any, Record<string, any>> & string) | (Document<unknown, any, any, Record<string, any>> & ObjectId) | (Document<unknown, any, any, Record<...>> & ObjectIdLike)'.
src/controllers/job.controller.ts(438,37): error TS18046: 'job._id' is of type 'unknown'.
src/controllers/job.controller.ts(439,47): error TS18046: 'job._id' is of type 'unknown'.
src/controllers/job.controller.ts(440,19): error TS18046: 'job._id' is of type 'unknown'.
src/middlewares/auth.middleware.ts(5,41): error TS7006: Parameter 'req' implicitly has an 'any' type.
src/middlewares/auth.middleware.ts(5,46): error TS7006: Parameter 'res' implicitly has an 'any' type.
src/middlewares/auth.middleware.ts(5,51): error TS7006: Parameter 'next' implicitly has an 'any' type.
src/middlewares/auth.middleware.ts(17,39): error TS2769: No overload matches this call.
  The last overload gave the following error.
    Argument of type 'string | undefined' is not assignable to parameter of type 'Buffer<ArrayBufferLike> | Secret | JsonWebKeyInput | PublicKeyInput | GetPublicKeyOrSecret'.
      Type 'undefined' is not assignable to type 'Buffer<ArrayBufferLike> | Secret | JsonWebKeyInput | PublicKeyInput | GetPublicKeyOrSecret'.
src/middlewares/auth.middleware.ts(23,10): error TS18047: 'user' is possibly 'null'.
src/middlewares/auth.middleware.ts(38,9): error TS18046: 'err' is of type 'unknown'.
src/middlewares/auth.middleware.ts(47,48): error TS18046: 'err' is of type 'unknown'.
src/middlewares/role.middleware.ts(1,24): error TS7006: Parameter 'roles' implicitly has an 'any' type.
src/middlewares/role.middleware.ts(2,11): error TS7006: Parameter 'req' implicitly has an 'any' type.
src/middlewares/role.middleware.ts(2,16): error TS7006: Parameter 'res' implicitly has an 'any' type.
src/middlewares/role.middleware.ts(2,21): error TS7006: Parameter 'next' implicitly has an 'any' type.
src/routes/ai.route.ts(13,70): error TS2769: No overload matches this call.
  The last overload gave the following error.
    Argument of type '(req: AuthRequest, res: Response<any, Record<string, any>>) => Promise<Response<any, Record<string, any>> | undefined>' is not assignable to parameter of type 'RequestHandlerParams<ParamsDictionary, any, any, ParsedQs, Record<string, any>>'.
      Type '(req: AuthRequest, res: Response<any, Record<string, any>>) => Promise<Response<any, Record<string, any>> | undefined>' is not assignable to type 'RequestHandler<ParamsDictionary, any, any, ParsedQs, Record<string, any>>'.
        Types of parameters 'req' and 'req' are incompatible.
          Property 'user' is missing in type 'Request<ParamsDictionary, any, any, ParsedQs, Record<string, any>>' but required in type 'AuthRequest'.
src/routes/analytic.route.ts(9,75): error TS2769: No overload matches this call.
  The last overload gave the following error.
    Argument of type '(req: AuthRequest, res: Response) => Promise<Response<any, Record<string, any>> | undefined>' is not assignable to parameter of type 'RequestHandlerParams<ParamsDictionary, any, any, ParsedQs, Record<string, any>>'.
      Type '(req: AuthRequest, res: Response) => Promise<Response<any, Record<string, any>> | undefined>' is not assignable to type 'RequestHandler<ParamsDictionary, any, any, ParsedQs, Record<string, any>>'.
        Types of parameters 'req' and 'req' are incompatible.
          Property 'user' is missing in type 'Request<ParamsDictionary, any, any, ParsedQs, Record<string, any>>' but required in type 'AuthRequest'.
src/routes/analytic.route.ts(10,77): error TS2769: No overload matches this call.
  The last overload gave the following error.
    Argument of type '(req: AuthRequest, res: Response) => Promise<Response<any, Record<string, any>> | undefined>' is not assignable to parameter of type 'RequestHandlerParams<ParamsDictionary, any, any, ParsedQs, Record<string, any>>'.
      Type '(req: AuthRequest, res: Response) => Promise<Response<any, Record<string, any>> | undefined>' is not assignable to type 'RequestHandler<ParamsDictionary, any, any, ParsedQs, Record<string, any>>'.
        Types of parameters 'req' and 'req' are incompatible.
          Property 'user' is missing in type 'Request<ParamsDictionary, any, any, ParsedQs, Record<string, any>>' but required in type 'AuthRequest'.
src/routes/applicant.route.ts(8,69): error TS2769: No overload matches this call.
  The last overload gave the following error.
    Argument of type '(req: AuthRequest, res: Response) => Promise<Response<any, Record<string, any>> | undefined>' is not assignable to parameter of type 'RequestHandlerParams<ParamsDictionary, any, any, ParsedQs, Record<string, any>>'.
      Type '(req: AuthRequest, res: Response) => Promise<Response<any, Record<string, any>> | undefined>' is not assignable to type 'RequestHandler<ParamsDictionary, any, any, ParsedQs, Record<string, any>>'.
        Types of parameters 'req' and 'req' are incompatible.
          Property 'user' is missing in type 'Request<ParamsDictionary, any, any, ParsedQs, Record<string, any>>' but required in type 'AuthRequest'.
src/routes/applicant.route.ts(9,79): error TS2769: No overload matches this call.
  The last overload gave the following error.
    Argument of type '(req: AuthRequest, res: Response) => Promise<Response<any, Record<string, any>> | undefined>' is not assignable to parameter of type 'RequestHandlerParams<ParamsDictionary, any, any, ParsedQs, Record<string, any>>'.
      Type '(req: AuthRequest, res: Response) => Promise<Response<any, Record<string, any>> | undefined>' is not assignable to type 'RequestHandler<ParamsDictionary, any, any, ParsedQs, Record<string, any>>'.
        Types of parameters 'req' and 'req' are incompatible.
          Property 'user' is missing in type 'Request<ParamsDictionary, any, any, ParsedQs, Record<string, any>>' but required in type 'AuthRequest'.
src/routes/applicant.route.ts(10,76): error TS2769: No overload matches this call.
  The last overload gave the following error.
    Argument of type '(req: AuthRequest, res: Response) => Promise<Response<any, Record<string, any>> | undefined>' is not assignable to parameter of type 'RequestHandlerParams<ParamsDictionary, any, any, ParsedQs, Record<string, any>>'.
      Type '(req: AuthRequest, res: Response) => Promise<Response<any, Record<string, any>> | undefined>' is not assignable to type 'RequestHandler<ParamsDictionary, any, any, ParsedQs, Record<string, any>>'.
        Types of parameters 'req' and 'req' are incompatible.
          Property 'user' is missing in type 'Request<ParamsDictionary, any, any, ParsedQs, Record<string, any>>' but required in type 'AuthRequest'.
src/routes/applicant.route.ts(11,80): error TS2769: No overload matches this call.
  The last overload gave the following error.
    Argument of type '(req: AuthRequest, res: Response) => Promise<Response<any, Record<string, any>> | undefined>' is not assignable to parameter of type 'RequestHandlerParams<ParamsDictionary, any, any, ParsedQs, Record<string, any>>'.
      Type '(req: AuthRequest, res: Response) => Promise<Response<any, Record<string, any>> | undefined>' is not assignable to type 'RequestHandler<ParamsDictionary, any, any, ParsedQs, Record<string, any>>'.
        Types of parameters 'req' and 'req' are incompatible.
          Property 'user' is missing in type 'Request<ParamsDictionary, any, any, ParsedQs, Record<string, any>>' but required in type 'AuthRequest'.
src/routes/job.route.ts(9,69): error TS2769: No overload matches this call.
  The last overload gave the following error.
    Argument of type '(req: AuthRequest, res: Response) => Promise<Response<any, Record<string, any>> | undefined>' is not assignable to parameter of type 'RequestHandlerParams<ParamsDictionary, any, any, ParsedQs, Record<string, any>>'.
      Type '(req: AuthRequest, res: Response) => Promise<Response<any, Record<string, any>> | undefined>' is not assignable to type 'RequestHandler<ParamsDictionary, any, any, ParsedQs, Record<string, any>>'.
        Types of parameters 'req' and 'req' are incompatible.
          Property 'user' is missing in type 'Request<ParamsDictionary, any, any, ParsedQs, Record<string, any>>' but required in type 'AuthRequest'.
src/routes/job.route.ts(10,40): error TS2769: No overload matches this call.
  The last overload gave the following error.
    Argument of type '(req: AuthRequest, res: Response) => Promise<Response<any, Record<string, any>> | undefined>' is not assignable to parameter of type 'RequestHandlerParams<ParamsDictionary, any, any, ParsedQs, Record<string, any>>'.
      Type '(req: AuthRequest, res: Response) => Promise<Response<any, Record<string, any>> | undefined>' is not assignable to type 'RequestHandler<ParamsDictionary, any, any, ParsedQs, Record<string, any>>'.
        Types of parameters 'req' and 'req' are incompatible.
          Property 'user' is missing in type 'Request<ParamsDictionary, any, any, ParsedQs, Record<string, any>>' but required in type 'AuthRequest'.
src/routes/job.route.ts(11,41): error TS2769: No overload matches this call.
  The last overload gave the following error.
    Argument of type '(req: AuthRequest, res: Response) => Promise<Response<any, Record<string, any>> | undefined>' is not assignable to parameter of type 'RequestHandlerParams<ParamsDictionary, any, any, ParsedQs, Record<string, any>>'.
      Type '(req: AuthRequest, res: Response) => Promise<Response<any, Record<string, any>> | undefined>' is not assignable to type 'RequestHandler<ParamsDictionary, any, any, ParsedQs, Record<string, any>>'.
        Types of parameters 'req' and 'req' are incompatible.
          Property 'user' is missing in type 'Request<ParamsDictionary, any, any, ParsedQs, Record<string, any>>' but required in type 'AuthRequest'.
src/routes/job.route.ts(12,36): error TS2769: No overload matches this call.
  The last overload gave the following error.
    Argument of type '(req: AuthRequest, res: Response) => Promise<Response<any, Record<string, any>> | undefined>' is not assignable to parameter of type 'RequestHandlerParams<ParamsDictionary, any, any, ParsedQs, Record<string, any>>'.
      Type '(req: AuthRequest, res: Response) => Promise<Response<any, Record<string, any>> | undefined>' is not assignable to type 'RequestHandler<ParamsDictionary, any, any, ParsedQs, Record<string, any>>'.
        Types of parameters 'req' and 'req' are incompatible.
          Property 'user' is missing in type 'Request<ParamsDictionary, any, any, ParsedQs, Record<string, any>>' but required in type 'AuthRequest'.
src/routes/job.route.ts(13,49): error TS2769: No overload matches this call.
  The last overload gave the following error.
    Argument of type '(req: AuthRequest, res: Response) => Promise<Response<any, Record<string, any>> | undefined>' is not assignable to parameter of type 'RequestHandlerParams<ParamsDictionary, any, any, ParsedQs, Record<string, any>>'.
      Type '(req: AuthRequest, res: Response) => Promise<Response<any, Record<string, any>> | undefined>' is not assignable to type 'RequestHandler<ParamsDictionary, any, any, ParsedQs, Record<string, any>>'.
        Types of parameters 'req' and 'req' are incompatible.
          Property 'user' is missing in type 'Request<ParamsDictionary, any, any, ParsedQs, Record<string, any>>' but required in type 'AuthRequest'.
src/routes/job.route.ts(14,44): error TS2769: No overload matches this call.
  The last overload gave the following error.
    Argument of type '(req: AuthRequest, res: Response) => Promise<Response<any, Record<string, any>> | undefined>' is not assignable to parameter of type 'RequestHandlerParams<ParamsDictionary, any, any, ParsedQs, Record<string, any>>'.
      Type '(req: AuthRequest, res: Response) => Promise<Response<any, Record<string, any>> | undefined>' is not assignable to type 'RequestHandler<ParamsDictionary, any, any, ParsedQs, Record<string, any>>'.
        Types of parameters 'req' and 'req' are incompatible.
          Property 'user' is missing in type 'Request<ParamsDictionary, any, any, ParsedQs, Record<string, any>>' but required in type 'AuthRequest'.
src/routes/job.route.ts(15,48): error TS2769: No overload matches this call.
  The last overload gave the following error.
    Argument of type '(req: AuthRequest, res: Response) => Promise<Response<any, Record<string, any>> | undefined>' is not assignable to parameter of type 'RequestHandlerParams<ParamsDictionary, any, any, ParsedQs, Record<string, any>>'.
      Type '(req: AuthRequest, res: Response) => Promise<Response<any, Record<string, any>> | undefined>' is not assignable to type 'RequestHandler<ParamsDictionary, any, any, ParsedQs, Record<string, any>>'.
        Types of parameters 'req' and 'req' are incompatible.
          Property 'user' is missing in type 'Request<ParamsDictionary, any, any, ParsedQs, Record<string, any>>' but required in type 'AuthRequest'.
src/routes/saved.route.ts(8,65): error TS2769: No overload matches this call.
  The last overload gave the following error.
    Argument of type '(req: AuthRequest, res: Response) => Promise<Response<any, Record<string, any>> | undefined>' is not assignable to parameter of type 'RequestHandlerParams<ParamsDictionary, any, any, ParsedQs, Record<string, any>>'.
      Type '(req: AuthRequest, res: Response) => Promise<Response<any, Record<string, any>> | undefined>' is not assignable to type 'RequestHandler<ParamsDictionary, any, any, ParsedQs, Record<string, any>>'.
        Types of parameters 'req' and 'req' are incompatible.
          Property 'user' is missing in type 'Request<ParamsDictionary, any, any, ParsedQs, Record<string, any>>' but required in type 'AuthRequest'.
src/routes/saved.route.ts(9,70): error TS2769: No overload matches this call.
  The last overload gave the following error.
    Argument of type '(req: AuthRequest, res: Response) => Promise<Response<any, Record<string, any>> | undefined>' is not assignable to parameter of type 'RequestHandlerParams<ParamsDictionary, any, any, ParsedQs, Record<string, any>>'.
      Type '(req: AuthRequest, res: Response) => Promise<Response<any, Record<string, any>> | undefined>' is not assignable to type 'RequestHandler<ParamsDictionary, any, any, ParsedQs, Record<string, any>>'.
        Types of parameters 'req' and 'req' are incompatible.
          Property 'user' is missing in type 'Request<ParamsDictionary, any, any, ParsedQs, Record<string, any>>' but required in type 'AuthRequest'.
src/routes/user.route.ts(8,65): error TS2554: Expected 1 arguments, but got 2.
src/utils/parser.service.ts(13,20): error TS7006: Parameter 'buffer' implicitly has an 'any' type.
src/utils/parser.service.ts(15,32): error TS2349: This expression is not callable.
  Type 'typeof import("C:/Users/lexnotor/Downloads/hackathon/akazi-bn/node_modules/pdf-parse/dist/pdf-parse/cjs/index")' has no call signatures.
src/utils/parser.service.ts(26,20): error TS7006: Parameter 'buffer' implicitly has an 'any' type.
src/utils/parser.service.ts(28,19): error TS7034: Variable 'results' implicitly has type 'any[]' in some locations where its type cannot be determined.
src/utils/parser.service.ts(33,42): error TS7005: Variable 'results' implicitly has an 'any[]' type.
